[{"title":"Vestibulum id ligula porta felis euismod semper.","date":"2022-01-06T00:00:00.000Z","author":"Magna Etiam","path":"blog/test-blog6","image":{"src":"","alt":"","aspectRation":"56.25"},"order":2},{"title":"Nulla vitae elit libero, a pharetra augue.","date":"2021-11-02T00:00:00.000Z","author":"Magna Etiam","path":"blog/test-blog4","image":{"src":"","alt":"","aspectRation":"56.25"}},{"title":"Maecenas faucibus mollis interdum.","date":"2021-04-12T00:00:00.000Z","author":"Magna Etiam","path":"blog/test-blog5","image":{"src":"","alt":"","aspectRation":"56.25"}},{"title":"Cras justo odio, dapibus ac facilisis in, egestas eget quam.","date":"2020-07-19T00:00:00.000Z","author":"Magna Etiam","path":"blog/test-blog3","image":{"src":"","alt":"","aspectRation":"56.25"},"order":1},{"title":"Lorem ipsum dolor sit amet, consectetur adipiscing elit.","date":"2018-03-09T00:00:00.000Z","author":"Magna Etiam","path":"blog/test-blog2","image":{"src":"","alt":"","aspectRation":"56.25"}},{"title":"Morbi leo risus, porta ac consectetur ac, vestibulum at eros.","date":"2017-04-24T00:00:00.000Z","author":"Magna Etiam","path":"blog/test-blog1","image":{"src":"","alt":"","aspectRation":"56.25"},"order":3}]