[{"title":"Cras justo odio, dapibus ac facilisis in, egestas eget quam.","date":"2020-07-19T00:00:00.000Z","author":"Magna Etiam","path":"blog/test-blog3","image":{"src":"","alt":"","aspectRation":"56.25"},"order":1},{"title":"Vestibulum id ligula porta felis euismod semper.","date":"2022-01-06T00:00:00.000Z","author":"Magna Etiam","path":"blog/test-blog6","image":{"src":"","alt":"","aspectRation":"56.25"},"order":2},{"title":"Morbi leo risus, porta ac consectetur ac, vestibulum at eros.","date":"2017-04-24T00:00:00.000Z","author":"Magna Etiam","path":"blog/test-blog1","image":{"src":"","alt":"","aspectRation":"56.25"},"order":3}]